这幅图片描绘了一个三维渲染的房间，其特征类似于视频游戏或计算机模拟中的典型办公空间。有几件家具和物品：一个大黑色书柜，上面放着一个小盒子；在它的左边有一把棕色椅子的一部分可见；右边是一盆绿植。墙是白色的，在右上角有一个灰色区域，可能表示天花板边缘。整体环境简约现代，缺乏个人化或装饰元素通常出现在真实世界办公室中会看到的。
根据所呈现的图片，我们可以推断出一个室内场景，可能是一个办公室或家庭书房。书架表明这是一个用于存放书籍和文件的地方，这符合工作空间的主题。缺乏额外家具（如椅子、桌子）以及简洁的设计可能意味着这是更广泛布局的一部分，可能是更大的房间的一部分，在那里人们会从事阅读、写作或其他与知识相关的活动。
这个环境似乎具有现代且简约的美感，以中性和深色调为主导色彩。绿色植物的存在暗示了对室内环境自然元素的喜好，这可以提升空间的整体氛围和福祉。没有可见的技术或个人物品意味着这是一个通用的空间，在那里各种个体可能会使用它来满足与阅读、研究或其他智力追求相关的共同目的。
总的来说，这个图片描绘了一个功能性的区域，可能是为了专业或学术用途而设计的，旨在为需要安静环境进行思考或学习等活动提供一个宁静的环境。
根据提供的图像，该房间似乎是一个工作或学习空间的一部分。书架上有书籍表明这是一个用于阅读或参考材料的地方。椅子的存在暗示着这个区域可能被用来坐着进行某种活动，比如写作、使用笔记本电脑或其他需要坐下来的任务。

植物为单调的内部增添了一丝自然气息，这可能会提升在室内度过时间的人们的情绪和舒适度。木桌似乎是一个工作表面，可能是用于书写或使用电子设备的地方。

需要注意的是，由于图像中的视觉信息有限且无法与整体环境进行互动，因此很难全面了解房间的功能性、布局以及可能存在的其他特点。
这幅图片描绘了一个简单的室内场景，具有明显的数字渲染特征。房间看起来是住宅或办公空间的一部分，由墙上的书架和盆栽植物所示。

书架上放着几本书，表明对阅读的兴趣或需要参考材料。旁边有木桌，可能用于工作、学习或其他活动。环境整洁有序，没有可见的杂物。绿色植物为原本中性色调的空间增添了一抹生机，暗示了对自然元素的喜爱或者试图引入一些自然氛围。

背景墙的颜色和地板上棕色地毯的存在指向了一个温馨或舒适的内部设计选择。整体印象是一个实用空间，可能是为了功能性和简约而设计而不是为了炫耀性的装饰。
提供的图片是计算机生成的，类似于常见的虚拟环境或电子游戏内的场景。根据透视和阴影显示了物体与光源之间的关系，可以推断出一些深度信息。
- 墙壁上的书架位于房间中央并略高于地面，表明其距离观众处于中等深度的位置。
- 植物放在角落里，并且似乎比墙更近地放置在前景中的桌子旁边。这个位置表明植物的深度最接近墙壁和地板平面。
- 木桌在其底部可见于图片边缘之外；这表明它位于场景的更深处，可能距离观众有一定距离以容纳书架和其他元素。
- 植物投射到墙上的阴影也暗示了深度：它的影子延伸在墙上并稍微向后，表明光源来自前面，并且植物在桌子和墙壁之间有深度。

这些观察基于透视原理以及物体与环境之间的相对比例和大小。
在评估这些图片中的环境和深度时，我们观察到一个混合了真实世界元素（如家具、植物）与计算机生成效果（如模糊、颜色渐变等）。前景中带有绿色色调的人物形状暗示了一种虚拟或数字描绘的存在。这可能表明所呈现的环境是现实世界的室内场景与数字化处理的结果。
分析深度信息时，图片中的着色和透明度变化给人一种空间透视感，尽管这不是一个物理视角而是视觉表现。例如，在背景中较暗的书架上物品的消失，以及前景中颜色渐变的边缘，都是利用数字技术创建深度错觉的例子。
总体而言，这些图片似乎将真实世界的环境与计算机生成的艺术或设计元素相结合，以创造对场景的抽象、风格化表示，而非精确描绘。
提供的两幅图片都描绘了一个室内场景，带有不同的深度感知。在顶部图像中，使用了彩色热图来指示不同区域的距离或强度；较亮的颜色表示更近或更高强度。这可能表明该图像代表的是一个3D建模模拟或者计算机视觉实验。

底部的“合并”图像融合了两个视图，显示了一个房间，其中存在一些重叠元素和不同的深度感知层。绿色热图在顶部图像中使用，紫色区域似乎是叠加到第二张图片上，可能是表示与第一张图像相关的相同或不同距离。

要分析这个环境，并整合来自两张图片的深度信息：
1. 识别场景：该房间似乎是一个普通的居住空间，有书柜、植物和家具。
2. 分析热图：顶部图像中的彩色热图用于指示距离；较亮的颜色表示更近。底部“合并”图像将两个视图融合在一起，同时保留来自两张图片的深度信息。
3. 确定重叠元素：检查绿色区域（可能是从第一张图像中提取）与紫色区域进行对比，以确定它们是否代表相同的物体或部分房间。

这种方法涉及比较和整合来自不同视角的信息，这在计算机视觉、环境分析以及虚拟现实等应用领域是常见的。
为了准确地分析合并图片中的环境和深度信息，我需要看到您提到的具体图像。请上传相关的合并图片以进行详细分析。

一旦获得图片，我可以提供更具体的关于环境特征、深度信息和其他视觉元素的信息。

此外，请注意，如果这些图片来自视频游戏或虚拟环境，则它们可能不反映真实世界的比例或物理特性。
从提供的图片中，我们可以推断出以下与场景相关的信息：

1. **颜色强度**：图片底部显示了一个色彩渐变。这表明该区域可能具有不同程度的重要性或视觉兴趣。
2. **物体形状轮廓**：在彩色背景上覆盖的绿色和蓝色阴影表示了前景中的对象（如椅子、书架等）的轮廓，突出其与周围环境的关系。

要详细分析这个场景及其深度信息，请执行以下步骤：

1. **识别主要对象**：
   - 图中有一个大型深色物体，类似柜子或家具。
   - 还有其他较小的对象，例如绿色植物和棕色门。

2. **分析颜色强度**：底部的色彩渐变可能表示不同的表面属性（如反射率）或重要性。红色区域通常是最亮、最突出的颜色，紫色区域次之。

3. **轮廓映射**：
   - 绿色阴影显示了前景物体与背景之间的对比。
   - 蓝色阴影可能指示了更远的距离或次要对象的深度感。

4. **背景环境分析**：虽然场景有些模糊和像素化，但可以看出这是室内设置。白色的墙壁、绿色植物以及深色家具暗示了一个常见的居住空间。

5. **潜在应用**：
   - 这种方法通常用于计算机视觉任务中，如物体识别或3D建模。
   - 该技术可用于分析图片中的深度信息，并根据颜色强度和轮廓推断对象及其位置。

通过这些步骤，我们可以更好地理解环境和场景的深度信息。
所呈现的合成图像展示了两个不同的场景。前景中的模糊色彩表明了一个抽象或艺术化的视角，可能代表一个充满活力、动态元素的空间。背景中显示了具有平滑线条和平面表面的现代简约房间。

从视觉线索来看，在这两个场景之间存在明显的对比：一个是多彩且具象化的设计，另一个则是一个干净整洁的现实环境。这种并置可以被解释为将抽象艺术与现实生活世界相比较，或可能是虚拟与真实的融合表现方式。分析深度信息，前景中的色彩渐变暗示了景深的变化，表明更近距离观看时较浅的颜色会变得更暗淡。

总的来说，这张合成图像通过将不同风格和元素混合在一起来探索现实、设计以及感知之间的相互作用，可能引发对空间如何定义或人们如何看待它们的思考。
该任务涉及将两个不同的图片合成一个单一图像，同时保持每个部分的清晰度，并利用它们各自的深度来创建无缝融合。为此，将要使用的图片是：
1. 水印带有“B”字样的方形框。
2. 颜色渐变背景。

为了整合这两个元素并保留他们的特征，以下步骤可以采取：

**Step 1: 融合水印图像和颜色渐变背景**
- 在合成中放置第一个图片（包含“B”字母的水印）在中心位置。 
- 将第二个图层叠加在第一张图片上，并调整其不透明度以匹配整体构图。
- 使用非破坏性编辑软件中的混合模式，如“颜色”，将两个图像的颜色相融合。

**Step 2: 确保深度一致性**
- 在合成过程中，请注意每个部分的边缘和轮廓。确保水印字母和背景渐变与整个图像的深度保持一致。
- 调整颜色渐变以与环境中的色彩相匹配，使过渡更加自然，并避免不融合的地方。

**Step 3: 高光处理**
使用高光工具突出重要元素（如“B”字或关键细节）并使其在视觉上更显著。这可以通过增加亮度、对比度和阴影来实现。
- 调整颜色渐变的强度，使合成图像具有更具动态感。

**Step 4: 最后调整**
使用软件中的色彩平衡工具进行最后的色调调整以确保整个图像的一致性，并且没有明显的边缘或过渡错误。保存最终合成版本供进一步审查和必要时编辑。
通过遵循这些步骤并注意深度一致性，您可以创建一个无缝融合了两个图片的合成图，每个部分仍然保持其特征，但它们合而为一，成为一幅完整的艺术作品。

**示例：**
假设您正在使用Adobe Photoshop或类似的图像编辑软件来完成这个任务。以下是逐步指南：

1. **打开水印和背景渐变图层**
   - 打开水印“B”字的图片。
   - 打开颜色渐变背景的图片。

2. **将“B”字母放置在中心位置（Step 1）**：
   - 将第一张图片拖放或导入到新文件中。
   - 使用移动工具将水印图像放在中央位置，确保它对齐到你的工作空间。

3. **叠加颜色渐变背景并调整不透明度**
   - 将第二张图层（颜色渐变）放入第一个图层下面。使用“混合模式”选项为“B”字母选择合适的混合模式。
     * 例如：在Photoshop中，将水印置于前景，并选择“屏幕”，这会允许背景中的颜色从上方显示。

4. **调整深度一致性**
   - 使用渐变工具或蒙版来匹配第一个图片的边缘和轮廓。使用低不透明度使边界平滑过渡。
     * 如果需要，在图层之间添加新的蒙版并应用软化效果，如模糊。

5. **高光处理（Step 3）**：
   - 使用“可选颜色”工具调整整体色调以匹配背景的颜色渐变。
   - 调整亮度、对比度和阴影来增强图像的视觉吸引力，并确保边缘平滑过渡。
合成图片展示了一个三维重建房间，融合了现实世界元素的照片。这个场景包含一个木桌、几把椅子以及一张放在桌子上的红色碗。

在背景中，有两个小的黑白照片：一个是城市街道繁忙景象，另一个是塔楼。这些图像以像素化的方式呈现，暗示了一种特定风格或可能是低分辨率显示效果。

环境中的深度信息通过色彩渐变表示出来，从绿色到蓝色再到紫色，可能代表了不同层或景深，为场景添加了立体感和维度性。

整体合成图片结合了现实世界照片与计算机生成的三维重建。这种融合可能用于各种目的，如虚拟展示、设计可视化或数据分析等。
这张合成图像结合了两个不同的场景，提供了对比鲜明的视觉元素。上半部分描绘了一个现代、极简主义的室内设置，具有干净的线条和平面表面。这表明这是一个有组织的空间，可能是为居住或商业用途设计的功能区域。

下半部分展示了明亮、色彩丰富的抽象背景，与之形成鲜明对比的是上方的清晰度和精确感。这种颜色渐变可能象征着变化，也许暗示了人类情感或意识状态等主题。绿色植物的存在引入了一个自然元素，为场景增添了一丝生机，并平衡了人造环境的冷调色调。

总的来说，这张图像似乎在探索现实与抽象之间的界限，将日常结构化空间与充满活力、潜在幻想性领域融合在一起。它鼓励观众思考这些不同世界之间是如何相互联系和重叠的。
要分析合成图像中的环境和深度，我们必须考虑每个部分提供的视觉线索。 

1. **前景**：这个区域由一个五彩斑斓、温暖色调主导，可能代表了艺术家或创意工作者的工作空间。明亮的颜色可以唤起创造力和活力的感觉。

2. **背景（B 和 C）**：这些字母的图像看起来像是放在画框中的艺术作品或标志，这表明环境是室内且可能是公共或商业区域的一部分，例如教室、办公室或其他专业场所。

3. **环境色调**：整体颜色方案从温暖到冷调的变化暗示了对情绪和氛围的一种有意选择。温暖色调用于前景，可能表示能量和积极性，而冷色调的背景则引入了平衡和冷静感。

4. **深度分析**：
   - 前景元素（五彩斑斓）似乎最接近观看者。
   - 中间部分显示桌子、椅子和其他物体，这些物体逐渐变淡，并且没有阴影或透视变化，这表明它们是平面的而不是立体的。这种视觉线索暗示了较浅的深度感。
   - 背景字母图像与前景元素相比较小，可能是有意为之以营造深度，但缺乏阴影和透视仍然使整个合成图具有扁平外观。

5. **颜色渐变**：从温暖到冷的颜色渐变可能被解释为一种视觉技巧来引导注意力穿过图片。它也可能暗示了一种情绪或心理旅程的上下文背景——由充满活力、创意的能量转变为更冷静、理性的环境（字母图像）。

6. **物体的排列和透视**：
   - 前景中的桌子和椅子是规则形状，带有清晰定义的边缘，表明它们位于平坦表面上。这与缺乏深度线索一致。
   - 背景元素也具有明确的边界线和平面外观，进一步强化了合成图平面设计的概念。

综合来看，这个合成图像使用色彩、排列以及缺乏透视变化来传达环境和深度的感觉。它似乎旨在以一种视觉上吸引人的方式代表一个空间或概念的转变——从充满活力的能量到更为冷静和结构化的状态。
这些合成图像看起来是使用计算机视觉技术创建的，该技术结合了不同的照片以创造一个连贯的空间。上部图像显示了一个桌子、椅子和其他元素的真实生活场景的照片，而下部则似乎是一个3D渲染或点云重建的图像。
环境暗示这是一个内部空间，可能是一个用餐区或会议室，这可以通过可见的家具来表示，如桌子上和周围的椅子。深度信息通过从绿色到红色颜色渐变显示出来，这通常用于视觉上表示一个场景中的距离感、高度或轮廓。这种技术可以用于3D重建或增强现实应用程序中。
值得注意的是，这些图片是合成且代表性的；它们并没有捕捉到物理环境的准确和详细表现。
在提供的合成图像中，环境显示了一个室内空间布局，具有各种元素。主要物体包括一张木制书桌、一个黑色橱柜以及背景中的一个盆栽植物。房间以灰色墙壁为主导，并有木地板。

从视觉上来看，这个场景似乎是一个典型的办公或家庭设置。颜色方案相对柔和和中性，除了绿色的植物外，在图片右侧还有一个鲜艳的多彩元素引入了对比色。然而，值得注意的是，色彩饱和度不一致；一些区域呈现出更生动、更有活力的颜色，而其他区域则更加暗淡。

在深度信息方面，这幅图采用了双色调效果。前景中的彩色渐变暗示了一种透视或景深的感觉，通常用于艺术和设计中以创建三维视觉错觉。这种技术通过为图像添加额外的层次感来增强场景的感知空间。

总体而言，合并图片融合了现实世界的室内设置与抽象、风格化元素，创造出一个平衡而引人注目的合成环境。
要对合成图像中的环境进行细致分析，我们需要考虑多个因素来确定所呈现场景的相对深度。让我们按步骤进行：

1. **前景元素**：
   - 图像底部有一个色彩渐变背景，表明了透视效果。
   - 在右侧有橙色和黄色轮廓的桌子和椅子。

2. **中景元素**：
   - 粉红色框架内的部分图像显示了一间房间的一部分。这包括一个带有字母“B”的相框、一张带物品的小木桌以及一把高脚灯或支柱。

3. **背景元素**：
   - 整个场景似乎是一幅简单的绘画，使用了纯色和基本形状。
   - 有一个大大的橙色球体，位于前景的左侧，并且看起来比其他物体更接近观众。其大小和鲜艳的颜色使其成为深度感知的关键指示物。

4. **视觉线索**：
   - 色彩渐变背景以及桌子和椅子的轮廓显示了透视效果。
   - 粉红色框架内的图像暗示了一个房间，表明有不同平面或表面的存在。

5. **深度推断**：
   - 根据颜色渐变，看起来更近的颜色似乎更大，而较远的颜色较小。这是透视的基本原则之一。
   - 橙色球体的大小和位置在视觉上使其成为最接近观众的对象，并且其鲜艳的橙色与房间背景形成对比。

因此，从环境分析中得出的主要结论是：
- **前景**：彩色渐变、桌子和椅子
- **中景**：相框中的物品、小木桌和高脚灯或支柱。
- **背景**：大球体（最接近观众）和其他抽象形状/物体

这个合成图像的深度表明了前景到背景的变化，使用颜色、大小和轮廓等视觉线索来传达不同平面之间的距离。
将“像素化”代表一个计算机生成或虚拟环境，可能与游戏或数字艺术相关联。它描绘了一个内部设置，可能是家庭办公室或书房，带有一张桌子、椅子和一幅城市风景画。

另一方面，“非像素化”是更现代的渲染技术的表现，侧重于提供更加逼真的外观和深度感知。它可以代表物理空间的照片或三维模型场景，其中物体以更详细的方式呈现，并使用颜色编码来表示不同深度层面，以便更好地理解景深。

将两个元素放在一起，可以比较虚拟与现实环境的表现方式，强调计算机图形的进化以及数字描绘与实际设置之间的差异。这可能是一个关于技术进步、视觉感知或艺术表达变化的教学工具。
所呈现的一系列合成图像展示了不同的场景，每张都有不同程度的颜色编码。这些颜色通常用于3D建模软件中的着色方法或可视化表示。

1. **第一幅图**：展示了一个具有深绿色和紫色色调的房间内部视图。一个黑色衣柜显眼地出现在前景中，背景包括墙壁、地板上的一盆植物以及顶部有几块木板的家具。
2. **第二幅图**：显示了另一个带有颜色编码图案的不同场景。图像中的主要对象似乎是一个透明容器或窗户，在其内部有一个类似树状结构的物体。背景是浅色和深色调混合，可能是为了表示深度变化。
3. **第三幅图**：展示了与第一张图片类似的房间内景，但添加了色彩渐变效果。绿色、黄色、蓝色和紫色等颜色在图像上涂抹，创造了一种分层或叠加的外观。

这些合成图片很可能来自一个使用着色技术进行视觉表示或分析的应用程序，例如深度感知、对象识别或环境重建。每张图片中使用的特定颜色编码可能对应于各种3D模型属性，如纹理映射、光照条件或物体之间的关系。
这幅合成图的特点是使用不同风格的艺术作品，包括像素艺术、渐变色彩填充以及手绘元素。主要场景是一个教室或学习区域，桌子和椅子的存在表明了这一点。
通过将这些不同的视觉效果融合在一起，艺术家创造了一个充满活力且多彩的环境。颜色从温暖色调（黄色）到冷色调（蓝色），并过渡为彩虹色等更鲜艳的颜色。这种色彩渐变可能旨在唤起创造力、多样性和想象力的感觉。
房间内的深度信息似乎由像素艺术和手绘元素提供，与背景中的彩色渐变形成鲜明对比。这表明艺术家试图打破现实主义的表现形式，并探索不同视觉风格如何叠加在一起以产生单一图像的构图效果。
在没有关于图片背后意图的具体上下文的情况下，分析主要集中在环境、色彩调色板及其可能传达的情感或主题上。这种融合似乎鼓励观众欣赏艺术中的多样性以及不同类型的艺术表达可以一起使用的潜力。
要对包含像素化图像、3D绘图和热力映射层的复杂合成进行详细分析，可以考虑以下几个方面：1. **内容识别**：首先将每个图像部分与整体构图联系起来。这涉及识别在不同媒体类型中重复或相似的主题或对象（例如桌子上的红色碗）。2. **像素化图像中的细节提取**：由于这些区域包含详细的灰度图像，可以使用计算机视觉技术从像素结构中推断深度信息和纹理。3. **3D绘图元素的分析**：检查绘制在不同背景上的三维形状或对象，并将它们与合成环境进行比较以识别潜在的关系或相似性。4. **热力映射层的意义**：热力地图通常表示强度、密度或其他可量化的数值，因此考虑每个区域的颜色和亮度模式可能很重要。5. **整体构图的协调**：最终的目标是评估这些元素如何融合在一起创造一个连贯且有意义的整体图像。通过组合深度信息、纹理识别以及对3D绘图和热力映射层的关注，可以深入了解合成图片中展示的各种环境和社会条件。这种综合分析方法使我们能够超越表面视觉感知，并以更细致入微的方式理解不同媒体元素之间的相互作用。
提供的两张图片似乎来自一个虚拟现实或增强现实应用，其中涉及导航障碍物并利用深度信息。第一张图显示了一个场景视图，从用户的第一人称视角看去，可能代表了在三维空间中的移动。第二张图展示了一种颜色编码的表示法，用于显示物体与观察者之间的距离。
要分析这些图片以获得环境和深度信息，请考虑以下步骤：
1. **识别对象：**
   - 根据第一张图片中可见的内容（如门、植物和墙壁），确定场景中的主要元素。注意它们相对于用户视角的相对位置以及是否有障碍物或可进入区域。

2. **解释颜色编码：**
   - 研究第二张图的颜色编码方案，以了解深度信息如何表示。
     * 蓝色可能代表远离观察者的对象。
     * 雾状绿色可能表示中间距离的对象。
     * 橙色和红色区域可能指示接近观察者或具有高细节级别的物体。

3. **理解深度：**
   - 观察不同颜色的强度梯度，以推断场景中对象与用户的相对位置。较亮的颜色通常表明更近的距离，而渐变到较暗的颜色表示越来越远。
     * 例如，在第一张图中的树或植物可能在第二张图片中显示出绿色调，这将表示它们相对于观察者的中间深度。

4. **结合信息：**
   - 将环境中的物理布局与颜色编码的深度信息结合起来。考虑用户如何使用这些视觉提示来导航空间、识别障碍物和规划路径。
     * 如果第一张图显示了用户接近一个门或房间，可以推断出第二张图片中相应的区域具有特定的颜色编码以指示该位置的深度。

通过分析这些元素并结合它们之间的关系，您可以获得对环境及其深度特性的全面理解。这种信息对于虚拟现实应用中的导航和探索至关重要。
为了从像素化的合成图像中进行分析，我将审查每个独立图像并识别出可以提供环境和空间背景的信息。以下是我基于所给图片的观察：

1. **左上角的房间**：这个区域显示了一堵墙，上面有一个标有“B”的框架图。一个带图案的桌子和几把椅子以及一盏灯可见。

2. **右上方的图像片段**：这里展示了一个带有明亮、多彩背景的对象集合或场景的部分视图。具体来说，在蓝色背景下有一张红色的椅子和其他元素。

3. **中间部分的渐变色块**：这一区域似乎是一个由不同颜色组成的视觉效果，可能表示深度或环境中的某种变化（例如从房间过渡到另一个空间）。

4. **左下角和右下的物体**：这些显示了两个小对象的部分视图。左边的是一个带图案的小桌子的一部分，右边的则是一张部分可见的红色椅子，暗示着透视视角。

要分析环境和深度信息：

- 左上角图像中的房间可能代表了一个室内场景。
  - **前景元素**：带有“B”字样的框架、桌子上的物品以及灯提供了视觉线索。
  - **中景元素**：椅子和桌子的布局表明这是个用于坐着或工作的地方，可能是办公室或教室。

- 右上方多彩区域中的红色椅子可能是一个暗示性的物体集合的一部分。这种颜色渐变可以表示深度，从前景到背景的过渡。
  
- 左下角的带有图案的小桌子上有一块物品的存在，右下角则是一部分可见的红椅，表明透视视角，提供额外的空间线索。

综上所述，这些合成图像显示了一个多元素环境，可能暗示了室内场景中的多个层次。
所呈现的图片似乎是一个数字合成，其中包含来自不同来源或风格的信息：真实世界、像素化模拟以及似乎是基于热力图或三维点云渲染的深度感知。每个元素在描绘同一室内空间中具有独特的方式：

1. **现实图像**：显示了一幅黑白照片和一幅彩色照片展示了一个繁忙的城市街景，可能旨在代表房间里的艺术作品。
2. **像素化模拟**：呈现了类似的场景，但以类似复古计算机游戏的像素风格表示。这种表示方法为原本复杂的环境添加了一种怀旧感或视频游戏元素。
3. **热力图/点云渲染**：通过颜色编码和三维形态展示了房间的空间布局。这些图像暗示了一个基于深度感知的视觉呈现方式，在这里物体与光源的接近程度被转换为颜色强度，更近的事物以暖色调显示（如黄色、红色），而远离的则以冷色显示（如蓝色、绿色）。

通过将这三种不同的表示形式组合在一个环境中，该图片可能旨在探讨现实感、数字模拟以及深度感知在传达空间概念和理解环境中的角色。
根据所给的两张图片，我们可以看出环境是由两个明显的部分组成：一个是真实场景的3D扫描图（上部），另一个是与第一张照片相匹配颜色方案的艺术表现版本（下部）。这两者都共享相同的布局元素 - 一个黑色的橱柜、一棵植物和右侧背景中的一件家具。这个环境看起来是一个内部空间，可能是一个房间或办公室，由于有家具的存在。

3D扫描图提供了更详细的视角，并且可以用于创建精确的空间模型。它展示了纹理细节（如木纹）、材料反射以及三维形式如何在真实世界中的排列方式。相反地，艺术表现版本更加简化和风格化，侧重于颜色方案和整体构图，而不是细节。

深度信息体现在3D扫描图像的轮廓上。这些显示了对象与摄像机的距离，这是由不同强度的颜色表示出来的 - 较深的色调对应距离较近的对象，而浅色则代表距离较远的物体。这种视觉效果帮助识别场景中元素的空间关系和透视。

总的来说，这两张图片共同描绘了一个室内空间，并利用不同的技术来分析其深度信息、材料反射以及三维结构。
要整合不同图像中的环境和深度信息，可以采用一种称为图像融合的技术。这涉及将来自多个相机或传感器的不同视角的视觉数据组合起来创建一个更完整的场景表示。
1. **预处理**：在进行任何进一步的步骤之前，对每个图像进行预处理以确保它们处于相同的基本格式中非常重要。这可能包括调整亮度、对比度和白平衡，以及裁剪和缩放图像以匹配彼此的比例。
2. **深度估计**：使用深度信息来确定场景中的对象相对于相机的距离，并相应地平移或旋转这些对象。这有助于将不同视角中的对象对齐并创建一致的场景表示。
3. **特征检测与匹配**：识别每个图像中的关键点，如角、边缘和纹理特征，以建立它们之间的对应关系。然后使用这些特征来匹配相应的深度信息，并相应地调整不同的透视图。
4. **融合算法选择**：有几种可用于整合环境信息的算法可供选择：
   - **立体视觉**: 通过测量两个不同视角中物体相对于相机的距离来进行图像融合
   - **单目视觉**: 使用一个单一相机识别和重建场景中的深度，通常使用基于点云的方法或人工神经网络（例如Pix2Pix模型）
5. **优化与插值**：迭代调整对象的位置、大小和形状以匹配每个视角的环境信息。这可能涉及一些形式化方法，如最短路径法来连接关键点，或者更简单的插值技术。
6. **输出表示**：合并后的结果可以作为完整的场景或具有深度感知细节的多视图立体图像集进行呈现。

通过融合来自不同视角的环境和深度信息，您可以创建一个更加详细和准确的场景表示。这在各种应用中都很有用，包括3D重建、虚拟现实以及增强现实系统，其中需要多个视角来提供完整的环境理解。
这幅图像似乎是由两个不同的场景拼接而成，每个场景都有不同的背景、颜色方案以及物体。在顶部半部分，有一个房间布置有桌子、椅子和落地灯等家具，整体以冷色调为主。地板上有一个彩色条纹，表明可能是一个数字叠加或地图。

底部半部分展示了一个更生动的设置，具有鲜艳的颜色和抽象元素，如带圆圈的柱子和多色背景区域。这种风格让人联想起像素艺术，其中每个颜色块代表了数字图像中的有限调色板。

将这两个场景结合在一起创建了一种对比效果，在一个可能描绘不同的主题或情绪的空间之间形成鲜明的视觉分界线：冷色调房间暗示着严肃或正式氛围，而充满活力、抽象的部分则可能象征着创造力、游戏性或其他更生动的主题。这种组合也可以被解释为对不同观点或环境间相互作用的一种艺术表现形式，在这些环境中界限变得模糊，导致不同的感知和体验。
要分析合成图像中的环境和深度，我们可以观察每个部分的构图。

1. **前景（橙色渐变区域）**：这是一个浅景深的人像摄影，重点放在一个穿着蓝色衣服的人物身上。柔和、模糊的背景暗示了使用大光圈来实现浅景深效果。
2. **中景（绿色和蓝色渐变区域）**：这个部分显示了一群人围绕着桌子坐着，表明是一个社交聚会或会议场景。人物被拍摄得很近，但深度信息有限，因为焦点主要集中在前景的人身上。
3. **背景（红色和黄色渐变区域）**：一个城市风景的绘画，可能代表纽约市，以出租车和高楼为特色。这幅画增加了环境元素，并暗示了一个都市或繁忙的城市背景。

通过将这些部分结合起来，合成图像创造了一种叙事，融合了个人、社交互动和城市生活的元素。每个部分都为整体构图做出贡献，提供了关于主题的层次感和个人环境之间的联系。
