Loaded as API: http://192.168.31.20:7862/ ✔
Loaded as API: http://192.168.31.20:7862/ ✔
Loaded as API: http://192.168.31.20:7862/ ✔
建图中...
建图中...
建图中...
建图中...
建图中...
建图中...
建图中...
建图中...
建图中...
建图中...
建图中...
建图中...
建图中...
建图中...
建图中...
建图中...
建图中...
建图中...
建图中...
建图中...
建图中...
建图中...
建图中...
建图中...
建图中...
建图中...
建图中...
建图中...
建图中...
建图中...
建图中...
建图中...
建图中...
建图中...
建图中...
建图中...
建图中...
建图中...
建图中...
建图中...
建图中...
建图中...
建图中...
建图中...
建图中...
建图中...
建图中...
建图中...
建图中...
建图中...
建图中...
建图中...
建图中...
建图中...
建图中...
建图中...
建图中...
建图中...
建图中...
建图中...
建图中...
建图中...
建图中...
建图中...
建图中...
建图中...
建图中...
建图中...
建图中...
建图中...
建图中...
建图中...
建图中...
建图中...
Loaded as API: http://192.168.31.20:7862/ ✔
Loaded as API: http://192.168.31.20:7862/ ✔
建图中...
建图中...
建图中...
建图中...
建图中...
建图中...
建图中...
建图中...
建图中...
建图中...
建图中...
建图中...
建图中...
建图中...
建图中...
建图中...
建图中...
建图中...
建图中...
建图中...
建图中...
建图中...
建图中...
建图中...
建图中...
建图中...
建图中...
建图中...
建图中...
建图中...
建图中...
建图中...
建图中...
建图中...
建图中...
建图中...
建图中...
建图中...
建图中...
建图中...
建图中...
建图中...
建图中...
建图中...
建图中...
建图中...
建图中...
建图中...
建图中...
建图中...
建图中...
建图中...
建图中...
建图中...
建图中...
建图中...
建图中...
建图中...
建图中...
建图中...
建图中...
建图中...
建图中...
建图中...
建图中...
建图中...
建图中...
建图中...
建图中...
建图中...
建图中...
建图中...
建图中...
建图中...
建图中...
建图中...
建图中...
建图中...
建图中...
建图中...
建图中...
建图中...
建图中...
建图中...
建图中...
建图中...
建图中...
建图中...
建图中...
建图中...
建图中...
建图中...
建图中...
建图中...
建图中...
建图中...
建图中...
建图中...
建图中...
建图中...
建图中...
建图中...
建图中...
建图中...
建图中...
建图中...
建图中...
建图中...
建图中...
建图中...
建图中...
建图中...
建图中...
建图中...
建图中...
建图中...
建图中...
建图中...
建图中...
建图中...
建图中...
建图中...
建图中...
建图中...
建图中...
建图中...
建图中...
建图中...
建图中...
建图中...
建图中...
建图中...
建图中...
建图中...
建图中...
建图中...
建图中...
建图中...
建图中...
建图中...
建图中...
建图中...
建图中...
建图中...
建图中...
建图中...
建图中...
建图中...
建图中...
建图中...
建图中...
建图中...
建图中...
建图中...
建图中...
建图中...
建图中...
建图中...
建图中...
建图中...
建图中...
建图中...
建图中...
建图中...
建图中...
建图中...
建图中...
建图中...
建图中...
建图中...
建图中...
建图中...
建图中...
建图中...
建图中...
建图中...
建图中...
建图中...
建图中...
建图中...
建图中...
建图中...
建图中...
建图中...
建图中...
建图中...
建图中...
建图中...
建图中...
建图中...
建图中...
建图中...
建图中...
建图中...
建图中...
建图中...
建图中...
建图中...
建图中...
建图中...
建图中...
建图中...
建图中...
建图中...
建图中...
建图中...
建图中...
建图中...
建图中...
建图中...
建图中...
建图中...
建图中...
建图中...
建图中...
建图中...
建图中...
建图中...
建图中...
建图中...
建图中...
建图中...
建图中...
建图中...
建图中...
正在连接Gradio服务器...
Loaded as API: http://192.168.31.20:7862/ ✔
连接服务器成功
正在上传图片...
图片上传结果: (None, 'input_images_20250420_111218_528433', [{'image': '/private/var/folders/yh/1_1fh4_94gj8_v1p5lkv61r40000gn/T/gradio/da768aba74b34a9960d6c46abca42ab388ac2a3dcff41fdeae5c91630358f080/scene1.png', 'caption': None}], "Upload complete. Click 'Reconstruct' to begin 3D processing.")
开始处理建图，目标目录: input_images_20250420_17121
建图状态: No valid target directory found. Please upload first.
建图处理失败
正在连接Gradio服务器...
Loaded as API: http://192.168.31.20:7862/ ✔
连接服务器成功
正在上传图片...
图片上传完成，服务器返回的目标目录: input_images_20250420_111615_406372
使用的目标目录名: input_images_20250420_111615_406372
开始处理建图，使用目标目录: input_images_20250420_111615_406372
建图状态: Reconstruction Success (1 frames). Waiting for visualization.
正在下载GLB文件: http://192.168.31.20:7862/file=/private/var/folders/yh/1_1fh4_94gj8_v1p5lkv61r40000gn/T/gradio/bc34c2be628f1e90f4970ce3304e7962532675a0b81455a888f35700d2ac2437/glbscene_50_All_maskbFalse_maskwFalse_camTrue_skyFalse_predDepthmap_and_Camera_Branch.glb
下载GLB文件时出错: 404 Client Error: Not Found for url: http://192.168.31.20:7862/file=/private/var/folders/yh/1_1fh4_94gj8_v1p5lkv61r40000gn/T/gradio/bc34c2be628f1e90f4970ce3304e7962532675a0b81455a888f35700d2ac2437/glbscene_50_All_maskbFalse_maskwFalse_camTrue_skyFalse_predDepthmap_and_Camera_Branch.glb
处理完成，但保存结果失败
正在连接Gradio服务器...
Loaded as API: http://192.168.31.20:7862/ ✔
连接服务器成功
正在上传图片...
图片上传完成，服务器返回的目标目录: input_images_20250420_112211_441179
使用的目标目录名: input_images_20250420_112211_441179
开始处理建图，使用目标目录: input_images_20250420_112211_441179
建图状态: Reconstruction Success (1 frames). Waiting for visualization.
model3d /private/var/folders/yh/1_1fh4_94gj8_v1p5lkv61r40000gn/T/gradio/bc34c2be628f1e90f4970ce3304e7962532675a0b81455a888f35700d2ac2437/glbscene_50_All_maskbFalse_maskwFalse_camTrue_skyFalse_predDepthmap_and_Camera_Branch.glb
正在下载GLB文件: http://192.168.31.20:7862/file=/private/var/folders/yh/1_1fh4_94gj8_v1p5lkv61r40000gn/T/gradio/bc34c2be628f1e90f4970ce3304e7962532675a0b81455a888f35700d2ac2437/glbscene_50_All_maskbFalse_maskwFalse_camTrue_skyFalse_predDepthmap_and_Camera_Branch.glb
下载GLB文件时出错: 404 Client Error: Not Found for url: http://192.168.31.20:7862/file=/private/var/folders/yh/1_1fh4_94gj8_v1p5lkv61r40000gn/T/gradio/bc34c2be628f1e90f4970ce3304e7962532675a0b81455a888f35700d2ac2437/glbscene_50_All_maskbFalse_maskwFalse_camTrue_skyFalse_predDepthmap_and_Camera_Branch.glb
处理完成，但保存结果失败
正在连接Gradio服务器...
Loaded as API: http://192.168.31.20:7862/ ✔
连接服务器成功
正在上传图片...
图片上传完成，服务器返回的目标目录: input_images_20250420_113103_826421
使用的目标目录名: input_images_20250420_113103_826421
开始处理建图，使用目标目录: input_images_20250420_113103_826421
建图状态: Reconstruction Success (1 frames). Waiting for visualization.
model3d /private/var/folders/yh/1_1fh4_94gj8_v1p5lkv61r40000gn/T/gradio/bc34c2be628f1e90f4970ce3304e7962532675a0b81455a888f35700d2ac2437/glbscene_50_All_maskbFalse_maskwFalse_camTrue_skyFalse_predDepthmap_and_Camera_Branch.glb
正在下载GLB文件: http://192.168.31.20:7862/gradio_api/file=/tmp/gradio/glbscene_50_All_maskbFalse_maskwFalse_camTrue_skyFalse_predDepthmap_and_Camera_Branch.glb
下载GLB文件时出错: 403 Client Error: Forbidden for url: http://192.168.31.20:7862/gradio_api/file=/tmp/gradio/glbscene_50_All_maskbFalse_maskwFalse_camTrue_skyFalse_predDepthmap_and_Camera_Branch.glb
处理完成，但保存结果失败
http://192.168.31.20:7862/gradio_api/file=/tmp/gradio/bc34c2be628f1e90f4970ce3304e7962532675a0b81455a888f35700d2ac2437/glbscene_50_All_maskbFalse_maskwFalse_camTrue_skyFalse_predDepthmap_and_Camera_Branch.glb正在连接Gradio服务器...
Loaded as API: http://192.168.31.20:7862/ ✔
连接服务器成功
正在上传图片...
图片上传完成，服务器返回的目标目录: input_images_20250420_113618_681137
使用的目标目录名: input_images_20250420_113618_681137
开始处理建图，使用目标目录: input_images_20250420_113618_681137
建图状态: Reconstruction Success (1 frames). Waiting for visualization.
model3d /private/var/folders/yh/1_1fh4_94gj8_v1p5lkv61r40000gn/T/gradio/bc34c2be628f1e90f4970ce3304e7962532675a0b81455a888f35700d2ac2437/glbscene_50_All_maskbFalse_maskwFalse_camTrue_skyFalse_predDepthmap_and_Camera_Branch.glb
正在下载GLB文件: http://192.168.31.20:7862/gradio_api/file=/tmp/gradio/glbscene_50_All_maskbFalse_maskwFalse_camTrue_skyFalse_predDepthmap_and_Camera_Branch.glb
下载GLB文件时出错: 403 Client Error: Forbidden for url: http://192.168.31.20:7862/gradio_api/file=/tmp/gradio/glbscene_50_All_maskbFalse_maskwFalse_camTrue_skyFalse_predDepthmap_and_Camera_Branch.glb
处理完成，但保存结果失败
正在连接Gradio服务器...
Loaded as API: http://192.168.31.20:7862/ ✔
连接服务器成功
正在上传图片...
图片上传完成，服务器返回的目标目录: input_images_20250420_114049_322724
使用的目标目录名: input_images_20250420_114049_322724
开始处理建图，使用目标目录: input_images_20250420_114049_322724
建图状态: Reconstruction Success (1 frames). Waiting for visualization.
model3d /private/var/folders/yh/1_1fh4_94gj8_v1p5lkv61r40000gn/T/gradio/bc34c2be628f1e90f4970ce3304e7962532675a0b81455a888f35700d2ac2437/glbscene_50_All_maskbFalse_maskwFalse_camTrue_skyFalse_predDepthmap_and_Camera_Branch.glb
正在下载GLB文件: http://192.168.31.20:7862/file=/tmp/gradio/bc34c2be628f1e90f4970ce3304e7962532675a0b81455a888f35700d2ac2437/glbscene_50_All_maskbFalse_maskwFalse_camTrue_skyFalse_predDepthmap_and_Camera_Branch.glb
下载GLB文件时出错: 404 Client Error: Not Found for url: http://192.168.31.20:7862/file=/tmp/gradio/bc34c2be628f1e90f4970ce3304e7962532675a0b81455a888f35700d2ac2437/glbscene_50_All_maskbFalse_maskwFalse_camTrue_skyFalse_predDepthmap_and_Camera_Branch.glb
处理完成，但保存结果失败
正在连接Gradio服务器...
Loaded as API: http://192.168.31.20:7862/ ✔
连接服务器成功
正在上传图片...
图片上传完成，服务器返回的目标目录: input_images_20250420_120458_074267
使用的目标目录名: input_images_20250420_120458_074267
开始处理建图，使用目标目录: input_images_20250420_120458_074267
建图状态: Reconstruction Success (1 frames). Waiting for visualization.
model3d /private/var/folders/yh/1_1fh4_94gj8_v1p5lkv61r40000gn/T/gradio/bc34c2be628f1e90f4970ce3304e7962532675a0b81455a888f35700d2ac2437/glbscene_50_All_maskbFalse_maskwFalse_camTrue_skyFalse_predDepthmap_and_Camera_Branch.glb
正在复制GLB文件从 /private/var/folders/yh/1_1fh4_94gj8_v1p5lkv61r40000gn/T/gradio/bc34c2be628f1e90f4970ce3304e7962532675a0b81455a888f35700d2ac2437/glbscene_50_All_maskbFalse_maskwFalse_camTrue_skyFalse_predDepthmap_and_Camera_Branch.glb 到 ../result/gradio_api_mapping.glb
GLB文件已保存到: ../result/gradio_api_mapping.glb
处理完成，结果已保存
正在连接Gradio服务器...
Loaded as API: http://192.168.31.20:7862/ ✔
连接服务器成功
正在上传图片...
图片上传完成，服务器返回的目标目录: input_images_20250420_120756_995983
使用的目标目录名: input_images_20250420_120756_995983
开始处理建图，使用目标目录: input_images_20250420_120756_995983
建图状态: Reconstruction Success (1 frames). Waiting for visualization.
model3d /private/var/folders/yh/1_1fh4_94gj8_v1p5lkv61r40000gn/T/gradio/bc34c2be628f1e90f4970ce3304e7962532675a0b81455a888f35700d2ac2437/glbscene_50_All_maskbFalse_maskwFalse_camTrue_skyFalse_predDepthmap_and_Camera_Branch.glb
正在复制GLB文件从 /private/var/folders/yh/1_1fh4_94gj8_v1p5lkv61r40000gn/T/gradio/bc34c2be628f1e90f4970ce3304e7962532675a0b81455a888f35700d2ac2437/glbscene_50_All_maskbFalse_maskwFalse_camTrue_skyFalse_predDepthmap_and_Camera_Branch.glb 到 ../result/gradio_api_mapping.glb
GLB文件已保存到: ../result/gradio_api_mapping.glb
处理完成，结果已保存
