+------------------+-------------------------------------------------------------------+
| Model version    | 0                                                                 |
+------------------+-------------------------------------------------------------------+
| IR version       | 3                                                                 |
+------------------+-------------------------------------------------------------------+
| Producer name    |                                                                   |
+------------------+-------------------------------------------------------------------+
| Producer version |                                                                   |
+------------------+-------------------------------------------------------------------+
| Opsets           | 7                                                                 |
+------------------+-------------------------------------------------------------------+
| Inputs           | +------+-------------+-------------------+------+                 |
|                  | | Name | Description | Shape             | Type |                 |
|                  | +------+-------------+-------------------+------+                 |
|                  | | data |             | 1 x 3 x 224 x 224 | f32  |                 |
|                  | +------+-------------+-------------------+------+                 |
+------------------+-------------------------------------------------------------------+
| Outputs          | +-------------------------------+-------------+----------+------+ |
|                  | | Name                          | Description | Shape    | Type | |
|                  | +-------------------------------+-------------+----------+------+ |
|                  | | squeezenet0_flatten0_reshape0 |             | 1 x 1000 | f32  | |
|                  | +-------------------------------+-------------+----------+------+ |
+------------------+-------------------------------------------------------------------+
| Ops used         | +-------------+---------------------+                             |
|                  | | Op          | Attributes          |                             |
|                  | +-------------+---------------------+                             |
|                  | | AveragePool | kernel_shape=<INTS> |                             |
|                  | |             | pads=<INTS>         |                             |
|                  | |             | strides=<INTS>      |                             |
|                  | +-------------+---------------------+                             |
|                  | | Concat      | axis=1              |                             |
|                  | +-------------+---------------------+                             |
|                  | | Conv        | dilations=<INTS>    |                             |
|                  | |             | group=1             |                             |
|                  | |             | kernel_shape=<INTS> |                             |
|                  | |             | pads=<INTS>         |                             |
|                  | |             | strides=<INTS>      |                             |
|                  | +-------------+---------------------+                             |
|                  | | Dropout     | ratio=0.5           |                             |
|                  | +-------------+---------------------+                             |
|                  | | MaxPool     | kernel_shape=<INTS> |                             |
|                  | |             | pads=<INTS>         |                             |
|                  | |             | strides=<INTS>      |                             |
|                  | +-------------+---------------------+                             |
|                  | | Relu        |                     |                             |
|                  | +-------------+---------------------+                             |
|                  | | Reshape     |                     |                             |
|                  | +-------------+---------------------+                             |
+------------------+-------------------------------------------------------------------+
| Memory usage     | +--------------+----------+                                       |
|                  | | Inputs       |  5.3 MiB |                                       |
|                  | +--------------+----------+                                       |
|                  | | Outputs      |  3.9 KiB |                                       |
|                  | +--------------+----------+                                       |
|                  | | Intermediate | 26.9 MiB |                                       |
|                  | +--------------+----------+                                       |
|                  | | Weights      |  4.7 MiB |                                       |
|                  | +--------------+----------+                                       |
|                  | | Total        | 36.9 MiB |                                       |
|                  | +--------------+----------+                                       |
+------------------+-------------------------------------------------------------------+
n02051845 pelican
n02058221 albatross, mollymawk
n02037110 oystercatcher, oyster catcher
+------------------+----------------------------------------------------+
| Model version    | 1                                                  |
+------------------+----------------------------------------------------+
| IR version       | 3                                                  |
+------------------+----------------------------------------------------+
| Producer name    | CNTK                                               |
+------------------+----------------------------------------------------+
| Producer version | 2.4                                                |
+------------------+----------------------------------------------------+
| Opsets           | 1                                                  |
+------------------+----------------------------------------------------+
| Inputs           | +---------+-------------+-----------------+------+ |
|                  | | Name    | Description | Shape           | Type | |
|                  | +---------+-------------+-----------------+------+ |
|                  | | Input73 |             | 1 x 1 x 28 x 28 | f32  | |
|                  | +---------+-------------+-----------------+------+ |
+------------------+----------------------------------------------------+
| Outputs          | +------------------+-------------+--------+------+ |
|                  | | Name             | Description | Shape  | Type | |
|                  | +------------------+-------------+--------+------+ |
|                  | | Plus422_Output_0 |             | 1 x 10 | f32  | |
|                  | +------------------+-------------+--------+------+ |
+------------------+----------------------------------------------------+
| Ops used         | +----------+---------------------+                 |
|                  | | Op       | Attributes          |                 |
|                  | +----------+---------------------+                 |
|                  | | Add      | axis=1              |                 |
|                  | |          | broadcast=0         |                 |
|                  | |          | broadcast=1         |                 |
|                  | +----------+---------------------+                 |
|                  | | Constant | value=<TENSOR>      |                 |
|                  | +----------+---------------------+                 |
|                  | | Conv     | auto_pad=SAME_UPPER |                 |
|                  | |          | dilations=<INTS>    |                 |
|                  | |          | group=1             |                 |
|                  | |          | kernel_shape=<INTS> |                 |
|                  | |          | strides=<INTS>      |                 |
|                  | +----------+---------------------+                 |
|                  | | Div      | axis=0              |                 |
|                  | |          | broadcast=1         |                 |
|                  | +----------+---------------------+                 |
|                  | | MatMul   |                     |                 |
|                  | +----------+---------------------+                 |
|                  | | MaxPool  | kernel_shape=<INTS> |                 |
|                  | |          | pads=<INTS>         |                 |
|                  | |          | strides=<INTS>      |                 |
|                  | +----------+---------------------+                 |
|                  | | Relu     |                     |                 |
|                  | +----------+---------------------+                 |
|                  | | Reshape  | shape=<INTS>        |                 |
|                  | +----------+---------------------+                 |
+------------------+----------------------------------------------------+
| Memory usage     | +--------------+-----------+                       |
|                  | | Inputs       |   3.1 KiB |                       |
|                  | +--------------+-----------+                       |
|                  | | Outputs      |      48 B |                       |
|                  | +--------------+-----------+                       |
|                  | | Intermediate | 155.1 KiB |                       |
|                  | +--------------+-----------+                       |
|                  | | Weights      |       0 B |                       |
|                  | +--------------+-----------+                       |
|                  | | Total        | 158.2 KiB |                       |
|                  | +--------------+-----------+                       |
+------------------+----------------------------------------------------+
