CMakeLists.txt
Calibration_Tutorial.pdf
Changelog.md
Dependencies.md
Examples
Examples_old
LICENSE
README.md
Thirdparty
Vocabulary
build.sh
build_ros.sh
evaluation
include
src

./Examples:
Calibration
Monocular
Monocular-Inertial
REAMDME.md
RGB-D
RGB-D-Inertial
Stereo
Stereo-Inertial

./Examples/Calibration:
python_scripts
recorder_empty
recorder_realsense_D435i.cc
recorder_realsense_T265.cc

./Examples/Calibration/python_scripts:
process_imu.py

./Examples/Calibration/recorder_empty:
april_6x6_80x80cm_larues.yaml

./Examples/Monocular:
EuRoC.yaml
EuRoC_TimeStamps
KITTI00-02.yaml
KITTI03.yaml
KITTI04-12.yaml
RealSense_D435i.yaml
RealSense_T265.yaml
TUM-VI.yaml
TUM1.yaml
TUM2.yaml
TUM3.yaml
TUM_TimeStamps
mono_euroc.cc
mono_kitti.cc
mono_realsense_D435i.cc
mono_realsense_t265.cc
mono_tum.cc
mono_tum_vi.cc

./Examples/Monocular/EuRoC_TimeStamps:
MH01.txt
MH02.txt
MH03.txt
MH04.txt
MH05.txt
V101.txt
V102.txt
V103.txt
V201.txt
V202.txt
V203.txt

./Examples/Monocular/TUM_TimeStamps:
dataset-corridor1_512.txt
dataset-corridor2_1024.txt
dataset-corridor2_512.txt
dataset-corridor3_512.txt
dataset-corridor4_512.txt
dataset-corridor5_512.txt
dataset-magistrale1_512.txt
dataset-magistrale2_512.txt
dataset-magistrale3_512.txt
dataset-magistrale4_512.txt
dataset-magistrale5_512.txt
dataset-magistrale6_512.txt
dataset-outdoors1_512.txt
dataset-outdoors2_512.txt
dataset-outdoors3_512.txt
dataset-outdoors4_512.txt
dataset-outdoors5_512.txt
dataset-outdoors6_512.txt
dataset-outdoors7_512.txt
dataset-outdoors8_512.txt
dataset-room1_512.txt
dataset-room2_512.txt
dataset-room3_512.txt
dataset-room4_512.txt
dataset-room5_512.txt
dataset-room6_512.txt
dataset-slides1_512.txt
dataset-slides2_512.txt
dataset-slides3_512.txt

./Examples/Monocular-Inertial:
EuRoC.yaml
EuRoC_IMU
EuRoC_TimeStamps
RealSense_D435i.yaml
RealSense_T265.yaml
TUM-VI.yaml
TUM-VI_far.yaml
TUM_IMU
TUM_TimeStamps
mono_inertial_euroc.cc
mono_inertial_realsense_D435i.cc
mono_inertial_realsense_t265.cc
mono_inertial_tum_vi.cc

./Examples/Monocular-Inertial/EuRoC_IMU:
MH01.txt
MH02.txt
MH03.txt
MH04.txt
MH05.txt
V101.txt
V102.txt
V103.txt
V201.txt
V202.txt
V203.txt

./Examples/Monocular-Inertial/EuRoC_TimeStamps:
MH01.txt
MH02.txt
MH03.txt
MH04.txt
MH05.txt
V101.txt
V102.txt
V103.txt
V201.txt
V202.txt
V203.txt

./Examples/Monocular-Inertial/TUM_IMU:
dataset-corridor1_512.txt
dataset-corridor2_1024.txt
dataset-corridor2_512.txt
dataset-corridor3_512.txt
dataset-corridor4_512.txt
dataset-corridor5_512.txt
dataset-magistrale1_512.txt
dataset-magistrale2_512.txt
dataset-magistrale3_512.txt
dataset-magistrale4_512.txt
dataset-magistrale5_512.txt
dataset-magistrale6_512.txt
dataset-outdoors1_512.txt
dataset-outdoors2_512.txt
dataset-outdoors3_512.txt
dataset-outdoors4_512.txt
dataset-outdoors5_512.txt
dataset-outdoors6_512.txt
dataset-outdoors7_512.txt
dataset-outdoors8_512.txt
dataset-room1_512.txt
dataset-room2_512.txt
dataset-room3_512.txt
dataset-room4_512.txt
dataset-room5_512.txt
dataset-room6_512.txt
dataset-slides1_512.txt
dataset-slides2_512.txt
dataset-slides3_512.txt

./Examples/Monocular-Inertial/TUM_TimeStamps:
dataset-corridor1_512.txt
dataset-corridor2_1024.txt
dataset-corridor2_512.txt
dataset-corridor3_512.txt
dataset-corridor4_512.txt
dataset-corridor5_512.txt
dataset-magistrale1_512.txt
dataset-magistrale2_512.txt
dataset-magistrale3_512.txt
dataset-magistrale4_512.txt
dataset-magistrale5_512.txt
dataset-magistrale6_512.txt
dataset-outdoors1_512.txt
dataset-outdoors2_512.txt
dataset-outdoors3_512.txt
dataset-outdoors4_512.txt
dataset-outdoors5_512.txt
dataset-outdoors6_512.txt
dataset-outdoors7_512.txt
dataset-outdoors8_512.txt
dataset-room1_512.txt
dataset-room2_512.txt
dataset-room3_512.txt
dataset-room4_512.txt
dataset-room5_512.txt
dataset-room6_512.txt
dataset-slides1_512.txt
dataset-slides2_512.txt
dataset-slides3_512.txt

./Examples/RGB-D:
RealSense_D435i.yaml
TUM1.yaml
TUM2.yaml
TUM3.yaml
associations
rgbd_realsense_D435i.cc
rgbd_tum.cc

./Examples/RGB-D/associations:
fr1_desk.txt
fr1_desk2.txt
fr1_room.txt
fr1_xyz.txt
fr2_desk.txt
fr2_xyz.txt
fr3_nstr_tex_near.txt
fr3_office.txt
fr3_office_val.txt
fr3_str_tex_far.txt
fr3_str_tex_near.txt

./Examples/RGB-D-Inertial:
RealSense_D435i.yaml
rgbd_inertial_realsense_D435i.cc

./Examples/Stereo:
EuRoC.yaml
EuRoC_TimeStamps
KITTI00-02.yaml
KITTI03.yaml
KITTI04-12.yaml
RealSense_D435i.yaml
RealSense_T265.yaml
TUM-VI.yaml
TUM_TimeStamps
stereo_euroc.cc
stereo_kitti.cc
stereo_realsense_D435i.cc
stereo_realsense_t265.cc
stereo_tum_vi.cc

./Examples/Stereo/EuRoC_TimeStamps:
MH01.txt
MH02.txt
MH03.txt
MH04.txt
MH05.txt
V101.txt
V102.txt
V103.txt
V201.txt
V202.txt
V203.txt

./Examples/Stereo/TUM_TimeStamps:
dataset-corridor1_512.txt
dataset-corridor2_1024.txt
dataset-corridor2_512.txt
dataset-corridor3_512.txt
dataset-corridor4_512.txt
dataset-corridor5_512.txt
dataset-magistrale1_512.txt
dataset-magistrale2_512.txt
dataset-magistrale3_512.txt
dataset-magistrale4_512.txt
dataset-magistrale5_512.txt
dataset-magistrale6_512.txt
dataset-outdoors1_512.txt
dataset-outdoors2_512.txt
dataset-outdoors3_512.txt
dataset-outdoors4_512.txt
dataset-outdoors5_512.txt
dataset-outdoors6_512.txt
dataset-outdoors7_512.txt
dataset-outdoors8_512.txt
dataset-room1_512.txt
dataset-room2_512.txt
dataset-room3_512.txt
dataset-room4_512.txt
dataset-room5_512.txt
dataset-room6_512.txt
dataset-slides1_512.txt
dataset-slides2_512.txt
dataset-slides3_512.txt

./Examples/Stereo-Inertial:
EuRoC.yaml
EuRoC_IMU
EuRoC_TimeStamps
RealSense_D435i.yaml
RealSense_T265.yaml
TUM-VI.yaml
TUM-VI_far.yaml
TUM_IMU
TUM_TimeStamps
stereo_inertial_euroc.cc
stereo_inertial_realsense_D435i.cc
stereo_inertial_realsense_t265.cc
stereo_inertial_tum_vi.cc

./Examples/Stereo-Inertial/EuRoC_IMU:
MH01.txt
MH02.txt
MH03.txt
MH04.txt
MH05.txt
V101.txt
V102.txt
V103.txt
V201.txt
V202.txt
V203.txt

./Examples/Stereo-Inertial/EuRoC_TimeStamps:
MH01.txt
MH02.txt
MH03.txt
MH04.txt
MH05.txt
V101.txt
V102.txt
V103.txt
V201.txt
V202.txt
V203.txt
V203_2.txt

./Examples/Stereo-Inertial/TUM_IMU:
dataset-corridor1_512.txt
dataset-corridor2_1024.txt
dataset-corridor2_512.txt
dataset-corridor3_512.txt
dataset-corridor4_512.txt
dataset-corridor5_512.txt
dataset-magistrale1_512.txt
dataset-magistrale2_512.txt
dataset-magistrale3_512.txt
dataset-magistrale4_512.txt
dataset-magistrale5_512.txt
dataset-magistrale6_512.txt
dataset-outdoors1_512.txt
dataset-outdoors2_512.txt
dataset-outdoors3_512.txt
dataset-outdoors4_512.txt
dataset-outdoors5_512.txt
dataset-outdoors6_512.txt
dataset-outdoors7_512.txt
dataset-outdoors8_512.txt
dataset-room1_512.txt
dataset-room2_512.txt
dataset-room3_512.txt
dataset-room4_512.txt
dataset-room5_512.txt
dataset-room6_512.txt
dataset-slides1_512.txt
dataset-slides2_512.txt
dataset-slides3_512.txt

./Examples/Stereo-Inertial/TUM_TimeStamps:
dataset-corridor1_512.txt
dataset-corridor2_1024.txt
dataset-corridor2_512.txt
dataset-corridor3_512.txt
dataset-corridor4_512.txt
dataset-corridor5_512.txt
dataset-magistrale1_512.txt
dataset-magistrale2_512.txt
dataset-magistrale3_512.txt
dataset-magistrale4_512.txt
dataset-magistrale5_512.txt
dataset-magistrale6_512.txt
dataset-outdoors1_512.txt
dataset-outdoors2_512.txt
dataset-outdoors3_512.txt
dataset-outdoors4_512.txt
dataset-outdoors5_512.txt
dataset-outdoors6_512.txt
dataset-outdoors7_512.txt
dataset-outdoors8_512.txt
dataset-room1_512.txt
dataset-room2_512.txt
dataset-room3_512.txt
dataset-room4_512.txt
dataset-room5_512.txt
dataset-room6_512.txt
dataset-slides1_512.txt
dataset-slides2_512.txt
dataset-slides3_512.txt

./Examples_old:
Monocular
Monocular-Inertial
REAMDME.md
RGB-D
RGB-D-Inertial
ROS
Stereo
Stereo-Inertial

./Examples_old/Monocular:
EuRoC.yaml
EuRoC_TimeStamps
KITTI00-02.yaml
KITTI03.yaml
KITTI04-12.yaml
MultiSession
RealSense_D435i.yaml
RealSense_T265.yaml
TUM-VI.yaml
TUM1.yaml
TUM2.yaml
TUM3.yaml
TUM_TimeStamps
mono_euroc.cc
mono_kitti.cc
mono_realsense_D435i.cc
mono_realsense_t265.cc
mono_tum.cc
mono_tum_vi.cc

./Examples_old/Monocular/EuRoC_TimeStamps:
MH01.txt
MH02.txt
MH03.txt
MH04.txt
MH05.txt
V101.txt
V102.txt
V103.txt
V201.txt
V202.txt
V203.txt

./Examples_old/Monocular/MultiSession:
EuRoC_MH01.yaml
EuRoC_MH02.yaml
EuRoC_MH03.yaml
EuRoC_MH04.yaml
EuRoC_MH05.yaml
EuRoC_V101.yaml
EuRoC_V102.yaml
EuRoC_V103.yaml
EuRoC_V201.yaml
EuRoC_V202.yaml
EuRoC_V203.yaml

./Examples_old/Monocular/TUM_TimeStamps:
dataset-corridor1_512.txt
dataset-corridor2_1024.txt
dataset-corridor2_512.txt
dataset-corridor3_512.txt
dataset-corridor4_512.txt
dataset-corridor5_512.txt
dataset-magistrale1_512.txt
dataset-magistrale2_512.txt
dataset-magistrale3_512.txt
dataset-magistrale4_512.txt
dataset-magistrale5_512.txt
dataset-magistrale6_512.txt
dataset-outdoors1_512.txt
dataset-outdoors2_512.txt
dataset-outdoors3_512.txt
dataset-outdoors4_512.txt
dataset-outdoors5_512.txt
dataset-outdoors6_512.txt
dataset-outdoors7_512.txt
dataset-outdoors8_512.txt
dataset-room1_512.txt
dataset-room2_512.txt
dataset-room3_512.txt
dataset-room4_512.txt
dataset-room5_512.txt
dataset-room6_512.txt
dataset-slides1_512.txt
dataset-slides2_512.txt
dataset-slides3_512.txt

./Examples_old/Monocular-Inertial:
EuRoC.yaml
EuRoC_IMU
EuRoC_TimeStamps
MultiSession
RealSense_D435i.yaml
RealSense_T265.yaml
TUM-VI.yaml
TUM-VI_far.yaml
TUM_IMU
TUM_TimeStamps
mono_inertial_euroc.cc
mono_inertial_realsense_D435i.cc
mono_inertial_realsense_t265.cc
mono_inertial_tum_vi.cc

./Examples_old/Monocular-Inertial/EuRoC_IMU:
MH01.txt
MH02.txt
MH03.txt
MH04.txt
MH05.txt
V101.txt
V102.txt
V103.txt
V201.txt
V202.txt
V203.txt

./Examples_old/Monocular-Inertial/EuRoC_TimeStamps:
MH01.txt
MH02.txt
MH03.txt
MH04.txt
MH05.txt
V101.txt
V102.txt
V103.txt
V201.txt
V202.txt
V203.txt

./Examples_old/Monocular-Inertial/MultiSession:
EuRoC_MH01.yaml
EuRoC_MH02.yaml
EuRoC_MH03.yaml
EuRoC_MH04.yaml
EuRoC_MH05.yaml
EuRoC_V101.yaml
EuRoC_V102.yaml
EuRoC_V103.yaml
EuRoC_V201.yaml
EuRoC_V202.yaml
EuRoC_V203.yaml

./Examples_old/Monocular-Inertial/TUM_IMU:
dataset-corridor1_512.txt
dataset-corridor2_1024.txt
dataset-corridor2_512.txt
dataset-corridor3_512.txt
dataset-corridor4_512.txt
dataset-corridor5_512.txt
dataset-magistrale1_512.txt
dataset-magistrale2_512.txt
dataset-magistrale3_512.txt
dataset-magistrale4_512.txt
dataset-magistrale5_512.txt
dataset-magistrale6_512.txt
dataset-outdoors1_512.txt
dataset-outdoors2_512.txt
dataset-outdoors3_512.txt
dataset-outdoors4_512.txt
dataset-outdoors5_512.txt
dataset-outdoors6_512.txt
dataset-outdoors7_512.txt
dataset-outdoors8_512.txt
dataset-room1_512.txt
dataset-room2_512.txt
dataset-room3_512.txt
dataset-room4_512.txt
dataset-room5_512.txt
dataset-room6_512.txt
dataset-slides1_512.txt
dataset-slides2_512.txt
dataset-slides3_512.txt

./Examples_old/Monocular-Inertial/TUM_TimeStamps:
dataset-corridor1_512.txt
dataset-corridor2_1024.txt
dataset-corridor2_512.txt
dataset-corridor3_512.txt
dataset-corridor4_512.txt
dataset-corridor5_512.txt
dataset-magistrale1_512.txt
dataset-magistrale2_512.txt
dataset-magistrale3_512.txt
dataset-magistrale4_512.txt
dataset-magistrale5_512.txt
dataset-magistrale6_512.txt
dataset-outdoors1_512.txt
dataset-outdoors2_512.txt
dataset-outdoors3_512.txt
dataset-outdoors4_512.txt
dataset-outdoors5_512.txt
dataset-outdoors6_512.txt
dataset-outdoors7_512.txt
dataset-outdoors8_512.txt
dataset-room1_512.txt
dataset-room2_512.txt
dataset-room3_512.txt
dataset-room4_512.txt
dataset-room5_512.txt
dataset-room6_512.txt
dataset-slides1_512.txt
dataset-slides2_512.txt
dataset-slides3_512.txt

./Examples_old/RGB-D:
RealSense_D435i.yaml
TUM1.yaml
TUM2.yaml
TUM3.yaml
associations
rgbd_realsense_D435i.cc
rgbd_tum.cc

./Examples_old/RGB-D/associations:
fr1_desk.txt
fr1_desk2.txt
fr1_room.txt
fr1_xyz.txt
fr2_desk.txt
fr2_xyz.txt
fr3_nstr_tex_near.txt
fr3_office.txt
fr3_office_val.txt
fr3_str_tex_far.txt
fr3_str_tex_near.txt

./Examples_old/RGB-D-Inertial:
RealSense_D435i.yaml
rgbd_inertial_realsense_D435i.cc

./Examples_old/ROS:
ORB_SLAM3

./Examples_old/ROS/ORB_SLAM3:
Asus.yaml
CMakeLists.txt
manifest.xml
src

./Examples_old/ROS/ORB_SLAM3/src:
AR
ros_mono.cc
ros_mono_inertial.cc
ros_rgbd.cc
ros_stereo.cc
ros_stereo_inertial.cc

./Examples_old/ROS/ORB_SLAM3/src/AR:
ViewerAR.cc
ViewerAR.h
ros_mono_ar.cc

./Examples_old/Stereo:
EuRoC.yaml
EuRoC_TimeStamps
KITTI00-02.yaml
KITTI03.yaml
KITTI04-12.yaml
MultiSession
RealSense_D435i.yaml
RealSense_T265.yaml
TUM-VI.yaml
TUM_TimeStamps
stereo_euroc.cc
stereo_kitti.cc
stereo_realsense_D435i.cc
stereo_realsense_t265.cc
stereo_tum_vi.cc

./Examples_old/Stereo/EuRoC_TimeStamps:
MH01.txt
MH02.txt
MH03.txt
MH04.txt
MH05.txt
V101.txt
V102.txt
V103.txt
V201.txt
V202.txt
V203.txt

./Examples_old/Stereo/MultiSession:
EuRoC_MH01.yaml
EuRoC_MH02.yaml
EuRoC_MH03.yaml
EuRoC_MH04.yaml
EuRoC_MH05.yaml
EuRoC_V101.yaml
EuRoC_V102.yaml
EuRoC_V103.yaml
EuRoC_V201.yaml
EuRoC_V202.yaml
EuRoC_V203.yaml

./Examples_old/Stereo/TUM_TimeStamps:
dataset-corridor1_512.txt
dataset-corridor2_1024.txt
dataset-corridor2_512.txt
dataset-corridor3_512.txt
dataset-corridor4_512.txt
dataset-corridor5_512.txt
dataset-magistrale1_512.txt
dataset-magistrale2_512.txt
dataset-magistrale3_512.txt
dataset-magistrale4_512.txt
dataset-magistrale5_512.txt
dataset-magistrale6_512.txt
dataset-outdoors1_512.txt
dataset-outdoors2_512.txt
dataset-outdoors3_512.txt
dataset-outdoors4_512.txt
dataset-outdoors5_512.txt
dataset-outdoors6_512.txt
dataset-outdoors7_512.txt
dataset-outdoors8_512.txt
dataset-room1_512.txt
dataset-room2_512.txt
dataset-room3_512.txt
dataset-room4_512.txt
dataset-room5_512.txt
dataset-room6_512.txt
dataset-slides1_512.txt
dataset-slides2_512.txt
dataset-slides3_512.txt

./Examples_old/Stereo-Inertial:
EuRoC.yaml
EuRoC_IMU
EuRoC_TimeStamps
MultiSession
RealSense_D435i.yaml
RealSense_T265.yaml
TUM-VI.yaml
TUM-VI_far.yaml
TUM_IMU
TUM_TimeStamps
stereo_inertial_euroc.cc
stereo_inertial_realsense_D435i.cc
stereo_inertial_realsense_t265.cc
stereo_inertial_tum_vi.cc

./Examples_old/Stereo-Inertial/EuRoC_IMU:
MH01.txt
MH02.txt
MH03.txt
MH04.txt
MH05.txt
V101.txt
V102.txt
V103.txt
V201.txt
V202.txt
V203.txt

./Examples_old/Stereo-Inertial/EuRoC_TimeStamps:
MH01.txt
MH02.txt
MH03.txt
MH04.txt
MH05.txt
V101.txt
V102.txt
V103.txt
V201.txt
V202.txt
V203.txt
V203_2.txt

./Examples_old/Stereo-Inertial/MultiSession:
EuRoC_MH01.yaml
EuRoC_MH02.yaml
EuRoC_MH03.yaml
EuRoC_MH04.yaml
EuRoC_MH05.yaml
EuRoC_V101.yaml
EuRoC_V102.yaml
EuRoC_V103.yaml
EuRoC_V201.yaml
EuRoC_V202.yaml
EuRoC_V203.yaml

./Examples_old/Stereo-Inertial/TUM_IMU:
dataset-corridor1_512.txt
dataset-corridor2_1024.txt
dataset-corridor2_512.txt
dataset-corridor3_512.txt
dataset-corridor4_512.txt
dataset-corridor5_512.txt
dataset-magistrale1_512.txt
dataset-magistrale2_512.txt
dataset-magistrale3_512.txt
dataset-magistrale4_512.txt
dataset-magistrale5_512.txt
dataset-magistrale6_512.txt
dataset-outdoors1_512.txt
dataset-outdoors2_512.txt
dataset-outdoors3_512.txt
dataset-outdoors4_512.txt
dataset-outdoors5_512.txt
dataset-outdoors6_512.txt
dataset-outdoors7_512.txt
dataset-outdoors8_512.txt
dataset-room1_512.txt
dataset-room2_512.txt
dataset-room3_512.txt
dataset-room4_512.txt
dataset-room5_512.txt
dataset-room6_512.txt
dataset-slides1_512.txt
dataset-slides2_512.txt
dataset-slides3_512.txt

./Examples_old/Stereo-Inertial/TUM_TimeStamps:
dataset-corridor1_512.txt
dataset-corridor2_1024.txt
dataset-corridor2_512.txt
dataset-corridor3_512.txt
dataset-corridor4_512.txt
dataset-corridor5_512.txt
dataset-magistrale1_512.txt
dataset-magistrale2_512.txt
dataset-magistrale3_512.txt
dataset-magistrale4_512.txt
dataset-magistrale5_512.txt
dataset-magistrale6_512.txt
dataset-outdoors1_512.txt
dataset-outdoors2_512.txt
dataset-outdoors3_512.txt
dataset-outdoors4_512.txt
dataset-outdoors5_512.txt
dataset-outdoors6_512.txt
dataset-outdoors7_512.txt
dataset-outdoors8_512.txt
dataset-room1_512.txt
dataset-room2_512.txt
dataset-room3_512.txt
dataset-room4_512.txt
dataset-room5_512.txt
dataset-room6_512.txt
dataset-slides1_512.txt
dataset-slides2_512.txt
dataset-slides3_512.txt

./Thirdparty:
DBoW2
Sophus
g2o

./Thirdparty/DBoW2:
CMakeLists.txt
DBoW2
DUtils
README.txt

./Thirdparty/DBoW2/DBoW2:
BowVector.cpp
BowVector.h
FClass.h
FORB.cpp
FORB.h
FeatureVector.cpp
FeatureVector.h
ScoringObject.cpp
ScoringObject.h
TemplatedVocabulary.h

./Thirdparty/DBoW2/DUtils:
Random.cpp
Random.h
Timestamp.cpp
Timestamp.h

./Thirdparty/Sophus:
CMakeLists.txt
LICENSE.txt
README.rst
SophusConfig.cmake.in
appveyor.yml
doxyrest-config.lua
examples
make_docs.sh
package.xml
py
rst-dir
run_format.sh
scripts
sophus
test

./Thirdparty/Sophus/examples:
CMakeLists.txt
HelloSO3.cpp

./Thirdparty/Sophus/py:
cpp_gencode
run_tests.sh
sophus

./Thirdparty/Sophus/py/cpp_gencode:
Se2_Dx_exp_x.cpp
Se2_Dx_this_mul_exp_x_at_0.cpp
Se3_Dx_exp_x.cpp
Se3_Dx_this_mul_exp_x_at_0.cpp
So2_Dx_exp_x.cpp
So2_Dx_this_mul_exp_x_at_0.cpp
So3_Dx_exp_x.cpp
So3_Dx_this_mul_exp_x_at_0.cpp

./Thirdparty/Sophus/py/sophus:
__init__.py
complex.py
cse_codegen.py
dual_quaternion.py
matrix.py
quaternion.py
se2.py
se3.py
so2.py
so3.py
so3_codegen.py

./Thirdparty/Sophus/rst-dir:
conf.py
page_index.rst
pysophus.rst

./Thirdparty/Sophus/scripts:
install_docs_deps.sh
install_linux_deps.sh
install_osx_deps.sh
run_cpp_tests.sh

./Thirdparty/Sophus/sophus:
average.hpp
common.hpp
example_ensure_handler.cpp
formatstring.hpp
geometry.hpp
interpolate.hpp
interpolate_details.hpp
num_diff.hpp
rotation_matrix.hpp
rxso2.hpp
rxso3.hpp
se2.hpp
se3.hpp
sim2.hpp
sim3.hpp
sim_details.hpp
so2.hpp
so3.hpp
test_macros.hpp
types.hpp
velocities.hpp

./Thirdparty/Sophus/test:
CMakeLists.txt
ceres
core

./Thirdparty/Sophus/test/ceres:
CMakeLists.txt
local_parameterization_se3.hpp
test_ceres_se3.cpp

./Thirdparty/Sophus/test/core:
CMakeLists.txt
test_common.cpp
test_geometry.cpp
test_rxso2.cpp
test_rxso3.cpp
test_se2.cpp
test_se3.cpp
test_sim2.cpp
test_sim3.cpp
test_so2.cpp
test_so3.cpp
test_velocities.cpp
tests.hpp

./Thirdparty/g2o:
CMakeLists.txt
README.txt
config.h.in
g2o
license-bsd.txt

./Thirdparty/g2o/g2o:
core
solvers
stuff
types

./Thirdparty/g2o/g2o/core:
base_binary_edge.h
base_binary_edge.hpp
base_edge.h
base_multi_edge.h
base_multi_edge.hpp
base_unary_edge.h
base_unary_edge.hpp
base_vertex.h
base_vertex.hpp
batch_stats.cpp
batch_stats.h
block_solver.h
block_solver.hpp
cache.cpp
cache.h
creators.h
eigen_types.h
estimate_propagator.cpp
estimate_propagator.h
factory.cpp
factory.h
hyper_dijkstra.cpp
hyper_dijkstra.h
hyper_graph.cpp
hyper_graph.h
hyper_graph_action.cpp
hyper_graph_action.h
jacobian_workspace.cpp
jacobian_workspace.h
linear_solver.h
marginal_covariance_cholesky.cpp
marginal_covariance_cholesky.h
matrix_operations.h
matrix_structure.cpp
matrix_structure.h
openmp_mutex.h
optimizable_graph.cpp
optimizable_graph.h
optimization_algorithm.cpp
optimization_algorithm.h
optimization_algorithm_dogleg.cpp
optimization_algorithm_dogleg.h
optimization_algorithm_factory.cpp
optimization_algorithm_factory.h
optimization_algorithm_gauss_newton.cpp
optimization_algorithm_gauss_newton.h
optimization_algorithm_levenberg.cpp
optimization_algorithm_levenberg.h
optimization_algorithm_property.h
optimization_algorithm_with_hessian.cpp
optimization_algorithm_with_hessian.h
parameter.cpp
parameter.h
parameter_container.cpp
parameter_container.h
robust_kernel.cpp
robust_kernel.h
robust_kernel_factory.cpp
robust_kernel_factory.h
robust_kernel_impl.cpp
robust_kernel_impl.h
solver.cpp
solver.h
sparse_block_matrix.h
sparse_block_matrix.hpp
sparse_block_matrix_ccs.h
sparse_block_matrix_diagonal.h
sparse_block_matrix_test.cpp
sparse_optimizer.cpp
sparse_optimizer.h

./Thirdparty/g2o/g2o/solvers:
linear_solver_dense.h
linear_solver_eigen.h

./Thirdparty/g2o/g2o/stuff:
color_macros.h
macros.h
misc.h
os_specific.c
os_specific.h
property.cpp
property.h
string_tools.cpp
string_tools.h
timeutil.cpp
timeutil.h

./Thirdparty/g2o/g2o/types:
se3_ops.h
se3_ops.hpp
se3mat.cpp
se3mat.h
se3quat.h
sim3.h
types_sba.cpp
types_sba.h
types_seven_dof_expmap.cpp
types_seven_dof_expmap.h
types_six_dof_expmap.cpp
types_six_dof_expmap.h

./Vocabulary:
ORBvoc.txt.tar.gz

./evaluation:
Ground_truth
associate.py
evaluate_ate_scale.py

./evaluation/Ground_truth:
EuRoC_imu
EuRoC_left_cam

./evaluation/Ground_truth/EuRoC_imu:
MH_GT.txt
V1_GT.txt
V2_GT.txt

./evaluation/Ground_truth/EuRoC_left_cam:
MH01_GT.txt
MH02_GT.txt
MH03_GT.txt
MH04_GT.txt
MH05_GT.txt
MH_GT.txt
V101_GT.txt
V102_GT.txt
V103_GT.txt
V1_GT.txt
V201_GT.txt
V202_GT.txt
V203_GT.txt
V2_GT.txt

./include:
Atlas.h
CameraModels
Config.h
Converter.h
Frame.h
FrameDrawer.h
G2oTypes.h
GeometricTools.h
ImuTypes.h
KeyFrame.h
KeyFrameDatabase.h
LocalMapping.h
LoopClosing.h
MLPnPsolver.h
Map.h
MapDrawer.h
MapPoint.h
ORBVocabulary.h
ORBextractor.h
ORBmatcher.h
OptimizableTypes.h
Optimizer.h
SerializationUtils.h
Settings.h
Sim3Solver.h
System.h
Tracking.h
TwoViewReconstruction.h
Viewer.h

./include/CameraModels:
GeometricCamera.h
KannalaBrandt8.h
Pinhole.h

./src:
Atlas.cc
CameraModels
Config.cc
Converter.cc
Frame.cc
FrameDrawer.cc
G2oTypes.cc
GeometricTools.cc
ImuTypes.cc
KeyFrame.cc
KeyFrameDatabase.cc
LocalMapping.cc
LoopClosing.cc
MLPnPsolver.cpp
Map.cc
MapDrawer.cc
MapPoint.cc
ORBextractor.cc
ORBmatcher.cc
OptimizableTypes.cpp
Optimizer.cc
Settings.cc
Sim3Solver.cc
System.cc
Tracking.cc
TwoViewReconstruction.cc
Viewer.cc

./src/CameraModels:
KannalaBrandt8.cpp
Pinhole.cpp
